Q(x) :- R(x, 'b'), R('a', 'b'), R(u, 'c'), S('a', 'c', 'd')