8, 9, 'ppls', 405
5, 0, 'sdp', 0
8, 1, 'mlpr', 5
1, 9, 'adbs', 405
2, 7, 'anlp', 245
8, 9, 'rl', 405
4, 2, 'ids', 20