1, 9, 'adbs', 1
2, 7, 'anlp', 2
4, 2, 'ids', 4
8, 1, 'mlpr', 8
8, 9, 'rl', 8
8, 9, 'ppls', 8
