'adbs', 9, 1
'anlp', 7, 2
'ids', 2, 4
'sdp', 0, 5
'mlpr', 1, 8
'rl', 9, 8
'ppls', 9, 8