1, 9, 'adbs'
2, 7, 'anlp'
8, 9, 'rl'
8, 9, 'ppls'
