'smith', 16
'rhcp', 24
'pistols', 80
'bowie', 40
'anka', 8