1, 'smith', 96
8, 'pistols', 96
4, 'rhcp', 96
5, 'bowie', 96
2, 'anka', 96